nohup: ignoring input
/home/cxnam/Desktop/Dangs/DeepfakeDetector/.venv/lib/python3.12/site-packages/timm/models/layers/__init__.py:49: FutureWarning: Importing from timm.models.layers is deprecated, please import via timm.layers
  warnings.warn(f"Importing from {__name__} is deprecated, please import via timm.layers", FutureWarning)
{'dataset': {'cifake_path': './datasets/cifake', 'labels': 2, 'name': 'cifake'},
 'model': {'add_fft_channel': True,
           'add_gabor_channel': True,
           'add_lbp_channel': True,
           'add_magnitude_channel': True,
           'backbone': 'MobileNetV3-Small',
           'freeze_backbone': False},
 'test': {'batch_size': 32,
          'limit_test_batches': 1.0,
          'mixed_precision': True,
          'resolution': 224,
          'seed': 5,
          'weights_path': './final_trained/cifake_20260501_0926_full/checkpoints/cifake_MobileNetV3-Small_epoch=5-train_acc=0.99-val_acc=0.97.ckpt'},
 'train': {'accumulation_batches': 4,
           'batch_size': 32,
           'epoch_num': 10,
           'limit_train_batches': 1.0,
           'limit_val_batches': 1.0,
           'mixed_precision': True,
           'resolution': 224,
           'seed': 5}}
Loading CIFAKE dataset from ./datasets/cifake
/home/cxnam/Desktop/Dangs/DeepfakeDetector/.venv/lib/python3.12/site-packages/lightning/fabric/utilities/cloud_io.py:73: You are using `torch.load` with `weights_only=False` (the current default value), which uses the default pickle module implicitly. It is possible to construct malicious pickle data which will execute arbitrary code during unpickling (See https://github.com/pytorch/pytorch/blob/main/SECURITY.md#untrusted-models for more details). In a future release, the default value for `weights_only` will be flipped to `True`. This limits the functions that could be executed during unpickling. Arbitrary objects will no longer be allowed to be loaded via this mode unless they are explicitly allowlisted by the user via `torch.serialization.add_safe_globals`. We recommend you start setting `weights_only=True` for any use case where you don't have full control of the loaded file. Please open an issue on GitHub for any issues related to this experimental feature.
Warning: You are sending unauthenticated requests to the HF Hub. Please set a HF_TOKEN to enable higher rate limits and faster downloads.
/home/cxnam/Desktop/Dangs/DeepfakeDetector/.venv/lib/python3.12/site-packages/torch/nn/init.py:511: UserWarning: Initializing zero-element tensors is a no-op
  warnings.warn("Initializing zero-element tensors is a no-op")
Using 16bit Automatic Mixed Precision (AMP)
GPU available: True (cuda), used: True
TPU available: False, using: 0 TPU cores
💡 Tip: For seamless cloud logging and experiment tracking, try installing [litlogger](https://pypi.org/project/litlogger/) to enable LitLogger, which logs metrics and artifacts automatically to the Lightning Experiments platform.
`Trainer(limit_test_batches=1.0)` was configured so 100% of the batches will be used..
💡 Tip: For seamless cloud uploads and versioning, try installing [litmodels](https://pypi.org/project/litmodels/) to enable LitModelCheckpoint, which syncs automatically with the Lightning model registry.
wandb: WARNING The anonymous setting has no effect and will be removed in a future version.
wandb: [wandb.login()] Loaded credentials for https://api.wandb.ai from /home/cxnam/.netrc.
wandb: Currently logged in as: nguyenhaidang26112005 (nguyenhaidang26112005-tr-ng-i-h-c-khoa-h-c-t-nhi-n-hqg-hcm) to https://api.wandb.ai. Use `wandb login --relogin` to force relogin
wandb: setting up run cifake_test_20260501_1902_full
wandb: Tracking run with wandb version 0.26.0
wandb: Run data is saved locally in wandb/run-20260501_190252-cifake_test_20260501_1902_full
wandb: Run `wandb offline` to turn off syncing.
wandb: Syncing run cifake_test_20260501_1902_full
wandb: ⭐️ View project at https://wandb.ai/nguyenhaidang26112005-tr-ng-i-h-c-khoa-h-c-t-nhi-n-hqg-hcm/DFAD_CVPRW24
wandb: 🚀 View run at https://wandb.ai/nguyenhaidang26112005-tr-ng-i-h-c-khoa-h-c-t-nhi-n-hqg-hcm/DFAD_CVPRW24/runs/cifake_test_20260501_1902_full
LOCAL_RANK: 0 - CUDA_VISIBLE_DEVICES: [0]
Unsupported operator aten::lift_fresh encountered 1 time(s)
Unsupported operator aten::sigmoid encountered 1 time(s)
Unsupported operator aten::expand_as encountered 1 time(s)
Unsupported operator aten::mul encountered 10 time(s)
Unsupported operator aten::sub encountered 1 time(s)
Unsupported operator aten::div encountered 1 time(s)
Unsupported operator aten::hardswish_ encountered 18 time(s)
Unsupported operator aten::mean encountered 9 time(s)
Unsupported operator aten::hardsigmoid encountered 9 time(s)
Unsupported operator aten::add encountered 6 time(s)
The following submodules of the model were never called during the trace of the graph. They may be unused, or they were accessed by direct calls to .forward() or via other python methods. In the latter case they will have zeros for statistics, though their statistics will still contribute to their parent calling module.
base_model.act2, base_model.conv_head, base_model.global_pool
┏━━━━━━━━━━━━━━━━━━━━━━━━━━━┳━━━━━━━━━━━━━━━━━━━━━━━━━━━┓
┃        Test metric        ┃       DataLoader 0        ┃
┡━━━━━━━━━━━━━━━━━━━━━━━━━━━╇━━━━━━━━━━━━━━━━━━━━━━━━━━━┩
│           flops           │        81283456.0         │
│        parameters         │         1518905.0         │
│         test_acc          │    0.9695000052452087     │
│         test_auc          │     0.99526047706604      │
│         test_loss         │    0.09884951263666153    │
└───────────────────────────┴───────────────────────────┘
Testing ━━━━━━━━━━━━━━━━━━━━━━━━━━━━━━━━━━━ 625/625 0:04:37 • 0:00:00 2.25it/s 
[1;34mwandb[0m: 
[1;34mwandb[0m: 🚀 View run [33mcifake_test_20260501_1902_full[0m at: [34mhttps://wandb.ai/nguyenhaidang26112005-tr-ng-i-h-c-khoa-h-c-t-nhi-n-hqg-hcm/DFAD_CVPRW24/runs/cifake_test_20260501_1902_full[0m
